acostanzo/quickstop  plugins/claudit  validate=Passed wiring=Passed test=Skipped test--installed=Skipped
AgriciDaniel/claude-seo  .  validate=Passed wiring=Passed test=Skipped test--installed=Skipped
anthropics/claude-code  plugins/agent-sdk-dev  validate=Passed wiring=Passed test=Skipped test--installed=Skipped
anthropics/claude-code  plugins/claude-opus-4-5-migration  validate=Passed wiring=Passed test=Skipped test--installed=Skipped
anthropics/claude-code  plugins/code-review  validate=Passed wiring=Passed test=Skipped test--installed=Skipped
anthropics/claude-code  plugins/commit-commands  validate=Passed wiring=Passed test=Skipped test--installed=Skipped
anthropics/claude-code  plugins/explanatory-output-style  validate=Passed wiring=Passed test=Skipped test--installed=Skipped
anthropics/claude-code  plugins/feature-dev  validate=Passed wiring=Passed test=Skipped test--installed=Skipped
anthropics/claude-code  plugins/frontend-design  validate=Passed wiring=Passed test=Skipped test--installed=Skipped
anthropics/claude-code  plugins/hookify  validate=Passed wiring=Passed test=Skipped test--installed=Skipped
anthropics/claude-code  plugins/learning-output-style  validate=Passed wiring=Passed test=Skipped test--installed=Skipped
anthropics/claude-code  plugins/pr-review-toolkit  validate=Failed wiring=Passed test=Skipped test--installed=Skipped
anthropics/claude-code  plugins/ralph-wiggum  validate=Passed wiring=Passed test=Skipped test--installed=Skipped
anthropics/claude-code  plugins/security-guidance  validate=Passed wiring=Passed test=Skipped test--installed=Skipped
georgeguimaraes/claude-code-elixir  plugins/elixir  validate=Passed wiring=Passed test=Skipped test--installed=Skipped
georgeguimaraes/claude-code-elixir  plugins/elixir-lsp  validate=Passed wiring=Passed test=Skipped test--installed=Skipped
georgeguimaraes/claude-code-elixir  plugins/mix-compile  validate=Passed wiring=Passed test=Skipped test--installed=Skipped
georgeguimaraes/claude-code-elixir  plugins/mix-credo  validate=Passed wiring=Passed test=Skipped test--installed=Skipped
georgeguimaraes/claude-code-elixir  plugins/mix-format  validate=Passed wiring=Passed test=Skipped test--installed=Skipped
ivan-magda/claude-code-plugin-template  plugins/hello-world  validate=Passed wiring=Passed test=Skipped test--installed=Skipped
ivan-magda/claude-code-plugin-template  plugins/plugin-development  validate=Passed wiring=Failed test=Skipped test--installed=Skipped
  Error refs skills/plugin-authoring/SKILL.md `${CLAUDE_PLUGIN_ROOT}/scripts/format.sh` does not exist
mukiwu/muki-ai-plugins  plugins/figma-visual-reviewer  validate=Passed wiring=Passed test=Skipped test--installed=Skipped
mukiwu/muki-ai-plugins  plugins/lore  validate=Passed wiring=Passed test=Skipped test--installed=Skipped
mukiwu/muki-ai-plugins  plugins/review-tests  validate=Passed wiring=Passed test=Skipped test--installed=Skipped
nagisanzenin/engram  .  validate=Passed wiring=Passed test=Skipped test--installed=Skipped
obra/superpowers  .  validate=Passed wiring=Passed test=Skipped test--installed=Skipped
paddo/claude-tools  plugins/codex  validate=Passed wiring=Passed test=Skipped test--installed=Skipped
paddo/claude-tools  plugins/dns  validate=Passed wiring=Passed test=Skipped test--installed=Skipped
paddo/claude-tools  plugins/gemini-tools  validate=Passed wiring=Passed test=Skipped test--installed=Skipped
paddo/claude-tools  plugins/grok  validate=Passed wiring=Passed test=Skipped test--installed=Skipped
paddo/claude-tools  plugins/headless  validate=Passed wiring=Passed test=Skipped test--installed=Skipped
paddo/claude-tools  plugins/kimi  validate=Passed wiring=Passed test=Skipped test--installed=Skipped
paddo/claude-tools  plugins/miro  validate=Passed wiring=Passed test=Skipped test--installed=Skipped
paddo/claude-tools  plugins/mobile  validate=Passed wiring=Passed test=Skipped test--installed=Skipped
paddo/claude-tools  plugins/monday  validate=Passed wiring=Passed test=Skipped test--installed=Skipped
paddo/claude-tools  plugins/whatsapp  validate=Passed wiring=Passed test=Skipped test--installed=Skipped
trailofbits/skills-curated  plugins/ffuf-web-fuzzing  validate=Passed wiring=Passed test=Skipped test--installed=Skipped
trailofbits/skills-curated  plugins/ghidra-headless  validate=Passed wiring=Passed test=Skipped test--installed=Skipped
trailofbits/skills-curated  plugins/humanizer  validate=Passed wiring=Passed test=Skipped test--installed=Skipped
trailofbits/skills-curated  plugins/last30days  validate=Passed wiring=Passed test=Skipped test--installed=Skipped
trailofbits/skills-curated  plugins/openai-cloudflare-deploy  validate=Passed wiring=Passed test=Skipped test--installed=Skipped
trailofbits/skills-curated  plugins/openai-develop-web-game  validate=Passed wiring=Passed test=Skipped test--installed=Skipped
trailofbits/skills-curated  plugins/openai-doc  validate=Passed wiring=Passed test=Skipped test--installed=Skipped
trailofbits/skills-curated  plugins/openai-gh-address-comments  validate=Passed wiring=Passed test=Skipped test--installed=Skipped
trailofbits/skills-curated  plugins/openai-gh-fix-ci  validate=Passed wiring=Passed test=Skipped test--installed=Skipped
trailofbits/skills-curated  plugins/openai-jupyter-notebook  validate=Passed wiring=Passed test=Skipped test--installed=Skipped
trailofbits/skills-curated  plugins/openai-netlify-deploy  validate=Passed wiring=Passed test=Skipped test--installed=Skipped
trailofbits/skills-curated  plugins/openai-pdf  validate=Passed wiring=Passed test=Skipped test--installed=Skipped
trailofbits/skills-curated  plugins/openai-playwright  validate=Passed wiring=Passed test=Skipped test--installed=Skipped
trailofbits/skills-curated  plugins/openai-screenshot  validate=Passed wiring=Passed test=Skipped test--installed=Skipped
trailofbits/skills-curated  plugins/openai-security-best-practices  validate=Passed wiring=Passed test=Skipped test--installed=Skipped
trailofbits/skills-curated  plugins/openai-security-ownership-map  validate=Passed wiring=Passed test=Skipped test--installed=Skipped
trailofbits/skills-curated  plugins/openai-security-threat-model  validate=Passed wiring=Passed test=Skipped test--installed=Skipped
trailofbits/skills-curated  plugins/openai-sentry  validate=Passed wiring=Passed test=Skipped test--installed=Skipped
trailofbits/skills-curated  plugins/openai-spreadsheet  validate=Passed wiring=Passed test=Skipped test--installed=Skipped
trailofbits/skills-curated  plugins/openai-yeet  validate=Passed wiring=Passed test=Skipped test--installed=Skipped
trailofbits/skills-curated  plugins/planning-with-files  validate=Failed wiring=Failed test=Skipped test--installed=Skipped
  Error matchers hooks/hooks.json has no `hooks` object at the top level
trailofbits/skills-curated  plugins/productivity  validate=Passed wiring=Passed test=Skipped test--installed=Skipped
trailofbits/skills-curated  plugins/python-code-simplifier  validate=Passed wiring=Passed test=Skipped test--installed=Skipped
trailofbits/skills-curated  plugins/react-pdf  validate=Passed wiring=Passed test=Skipped test--installed=Skipped
trailofbits/skills-curated  plugins/scv-scan  validate=Passed wiring=Passed test=Skipped test--installed=Skipped
trailofbits/skills-curated  plugins/security-awareness  validate=Passed wiring=Passed test=Skipped test--installed=Skipped
trailofbits/skills-curated  plugins/skill-extractor  validate=Passed wiring=Passed test=Skipped test--installed=Skipped
trailofbits/skills-curated  plugins/wooyun-legacy  validate=Passed wiring=Passed test=Skipped test--installed=Skipped
trailofbits/skills-curated  plugins/x-research  validate=Passed wiring=Passed test=Skipped test--installed=Skipped
wshobson/agents  plugins/accessibility-compliance  validate=Passed wiring=Passed test=Skipped test--installed=Skipped
wshobson/agents  plugins/agent-orchestration  validate=Passed wiring=Passed test=Skipped test--installed=Skipped
wshobson/agents  plugins/agent-teams  validate=Passed wiring=Passed test=Skipped test--installed=Skipped
wshobson/agents  plugins/api-scaffolding  validate=Passed wiring=Passed test=Skipped test--installed=Skipped
wshobson/agents  plugins/api-testing-observability  validate=Passed wiring=Passed test=Skipped test--installed=Skipped
wshobson/agents  plugins/application-performance  validate=Passed wiring=Passed test=Skipped test--installed=Skipped
wshobson/agents  plugins/arm-cortex-microcontrollers  validate=Passed wiring=Passed test=Skipped test--installed=Skipped
wshobson/agents  plugins/avoid-ai-writing  validate=Passed wiring=Passed test=Skipped test--installed=Skipped
wshobson/agents  plugins/backend-api-security  validate=Passed wiring=Passed test=Skipped test--installed=Skipped
wshobson/agents  plugins/backend-development  validate=Passed wiring=Passed test=Skipped test--installed=Skipped
wshobson/agents  plugins/before-you-build  validate=Passed wiring=Passed test=Skipped test--installed=Skipped
wshobson/agents  plugins/block-no-verify  validate=Passed wiring=Passed test=Skipped test--installed=Skipped
wshobson/agents  plugins/blockchain-web3  validate=Passed wiring=Passed test=Skipped test--installed=Skipped
wshobson/agents  plugins/brand-landingpage  validate=Passed wiring=Passed test=Skipped test--installed=Skipped
wshobson/agents  plugins/business-analytics  validate=Passed wiring=Passed test=Skipped test--installed=Skipped
wshobson/agents  plugins/c4-architecture  validate=Passed wiring=Passed test=Skipped test--installed=Skipped
wshobson/agents  plugins/cicd-automation  validate=Passed wiring=Passed test=Skipped test--installed=Skipped
wshobson/agents  plugins/cloud-infrastructure  validate=Passed wiring=Passed test=Skipped test--installed=Skipped
wshobson/agents  plugins/code-documentation  validate=Passed wiring=Passed test=Skipped test--installed=Skipped
wshobson/agents  plugins/code-refactoring  validate=Passed wiring=Passed test=Skipped test--installed=Skipped
wshobson/agents  plugins/codebase-cleanup  validate=Passed wiring=Passed test=Skipped test--installed=Skipped
wshobson/agents  plugins/comprehensive-review  validate=Passed wiring=Passed test=Skipped test--installed=Skipped
wshobson/agents  plugins/conductor  validate=Passed wiring=Passed test=Skipped test--installed=Skipped
wshobson/agents  plugins/content-marketing  validate=Passed wiring=Passed test=Skipped test--installed=Skipped
wshobson/agents  plugins/context-management  validate=Passed wiring=Passed test=Skipped test--installed=Skipped
wshobson/agents  plugins/customer-sales-automation  validate=Passed wiring=Passed test=Skipped test--installed=Skipped
wshobson/agents  plugins/data-engineering  validate=Passed wiring=Passed test=Skipped test--installed=Skipped
wshobson/agents  plugins/data-validation-suite  validate=Passed wiring=Passed test=Skipped test--installed=Skipped
wshobson/agents  plugins/database-cloud-optimization  validate=Passed wiring=Passed test=Skipped test--installed=Skipped
wshobson/agents  plugins/database-design  validate=Passed wiring=Passed test=Skipped test--installed=Skipped
wshobson/agents  plugins/database-migrations  validate=Passed wiring=Passed test=Skipped test--installed=Skipped
wshobson/agents  plugins/debugging-toolkit  validate=Passed wiring=Passed test=Skipped test--installed=Skipped
wshobson/agents  plugins/dependency-management  validate=Passed wiring=Passed test=Skipped test--installed=Skipped
wshobson/agents  plugins/deployment-strategies  validate=Passed wiring=Passed test=Skipped test--installed=Skipped
wshobson/agents  plugins/deployment-validation  validate=Passed wiring=Passed test=Skipped test--installed=Skipped
wshobson/agents  plugins/developer-essentials  validate=Passed wiring=Passed test=Skipped test--installed=Skipped
wshobson/agents  plugins/dgx-spark-ops  validate=Passed wiring=Passed test=Skipped test--installed=Skipped
wshobson/agents  plugins/distributed-debugging  validate=Passed wiring=Passed test=Skipped test--installed=Skipped
wshobson/agents  plugins/documentation-generation  validate=Passed wiring=Passed test=Skipped test--installed=Skipped
wshobson/agents  plugins/documentation-standards  validate=Passed wiring=Passed test=Skipped test--installed=Skipped
wshobson/agents  plugins/dotnet-contribution  validate=Passed wiring=Passed test=Skipped test--installed=Skipped
wshobson/agents  plugins/error-debugging  validate=Passed wiring=Passed test=Skipped test--installed=Skipped
wshobson/agents  plugins/error-diagnostics  validate=Passed wiring=Passed test=Skipped test--installed=Skipped
wshobson/agents  plugins/file-conversion  validate=Passed wiring=Passed test=Skipped test--installed=Skipped
wshobson/agents  plugins/framework-migration  validate=Passed wiring=Passed test=Skipped test--installed=Skipped
wshobson/agents  plugins/frontend-mobile-development  validate=Passed wiring=Passed test=Skipped test--installed=Skipped
wshobson/agents  plugins/frontend-mobile-security  validate=Passed wiring=Passed test=Skipped test--installed=Skipped
wshobson/agents  plugins/full-stack-orchestration  validate=Passed wiring=Passed test=Skipped test--installed=Skipped
wshobson/agents  plugins/functional-programming  validate=Passed wiring=Passed test=Skipped test--installed=Skipped
wshobson/agents  plugins/game-development  validate=Passed wiring=Passed test=Skipped test--installed=Skipped
wshobson/agents  plugins/git-pr-workflows  validate=Passed wiring=Passed test=Skipped test--installed=Skipped
wshobson/agents  plugins/hermes-tweet  validate=Passed wiring=Passed test=Skipped test--installed=Skipped
wshobson/agents  plugins/hr-legal-compliance  validate=Passed wiring=Passed test=Skipped test--installed=Skipped
wshobson/agents  plugins/incident-response  validate=Passed wiring=Passed test=Skipped test--installed=Skipped
wshobson/agents  plugins/javascript-typescript  validate=Passed wiring=Passed test=Skipped test--installed=Skipped
wshobson/agents  plugins/julia-development  validate=Passed wiring=Passed test=Skipped test--installed=Skipped
wshobson/agents  plugins/jvm-languages  validate=Passed wiring=Passed test=Skipped test--installed=Skipped
wshobson/agents  plugins/kubernetes-operations  validate=Passed wiring=Passed test=Skipped test--installed=Skipped
wshobson/agents  plugins/llm-application-dev  validate=Passed wiring=Passed test=Skipped test--installed=Skipped
  Warning invocations skills/prompt-engineering-patterns/scripts/optimize-prompt.py `optimize-prompt.py` is referenced by nothing in this plugin
wshobson/agents  plugins/llm-finetuning  validate=Passed wiring=Passed test=Skipped test--installed=Skipped
wshobson/agents  plugins/machine-learning-ops  validate=Passed wiring=Passed test=Skipped test--installed=Skipped
wshobson/agents  plugins/meigen-ai-design  validate=Passed wiring=Passed test=Skipped test--installed=Skipped
wshobson/agents  plugins/multi-platform-apps  validate=Passed wiring=Passed test=Skipped test--installed=Skipped
wshobson/agents  plugins/observability-monitoring  validate=Passed wiring=Passed test=Skipped test--installed=Skipped
wshobson/agents  plugins/operating-kit  validate=Passed wiring=Passed test=Skipped test--installed=Skipped
wshobson/agents  plugins/payment-processing  validate=Passed wiring=Passed test=Skipped test--installed=Skipped
wshobson/agents  plugins/performance-testing-review  validate=Passed wiring=Passed test=Skipped test--installed=Skipped
wshobson/agents  plugins/plugin-eval  validate=Passed wiring=Passed test=Skipped test--installed=Skipped
wshobson/agents  plugins/pptx-deck-creation  validate=Failed wiring=Passed test=Skipped test--installed=Skipped
wshobson/agents  plugins/protect-mcp  validate=Passed wiring=Passed test=Skipped test--installed=Skipped
wshobson/agents  plugins/python-development  validate=Passed wiring=Passed test=Skipped test--installed=Skipped
wshobson/agents  plugins/quantitative-trading  validate=Passed wiring=Passed test=Skipped test--installed=Skipped
wshobson/agents  plugins/reverse-engineering  validate=Passed wiring=Passed test=Skipped test--installed=Skipped
wshobson/agents  plugins/review-agent-governance  validate=Passed wiring=Passed test=Skipped test--installed=Skipped
wshobson/agents  plugins/security-compliance  validate=Passed wiring=Passed test=Skipped test--installed=Skipped
wshobson/agents  plugins/security-scanning  validate=Passed wiring=Passed test=Skipped test--installed=Skipped
wshobson/agents  plugins/seo-analysis-monitoring  validate=Passed wiring=Passed test=Skipped test--installed=Skipped
wshobson/agents  plugins/seo-content-creation  validate=Passed wiring=Passed test=Skipped test--installed=Skipped
wshobson/agents  plugins/seo-technical-optimization  validate=Passed wiring=Passed test=Skipped test--installed=Skipped
wshobson/agents  plugins/shell-scripting  validate=Passed wiring=Passed test=Skipped test--installed=Skipped
wshobson/agents  plugins/ship-mate  validate=Passed wiring=Passed test=Skipped test--installed=Skipped
wshobson/agents  plugins/signed-audit-trails  validate=Passed wiring=Passed test=Skipped test--installed=Skipped
wshobson/agents  plugins/skill-forge-essentials  validate=Passed wiring=Passed test=Skipped test--installed=Skipped
wshobson/agents  plugins/social-publishing  validate=Passed wiring=Passed test=Skipped test--installed=Skipped
wshobson/agents  plugins/startup-business-analyst  validate=Passed wiring=Passed test=Skipped test--installed=Skipped
wshobson/agents  plugins/systems-programming  validate=Passed wiring=Passed test=Skipped test--installed=Skipped
wshobson/agents  plugins/tdd-workflows  validate=Passed wiring=Passed test=Skipped test--installed=Skipped
wshobson/agents  plugins/team-collaboration  validate=Passed wiring=Passed test=Skipped test--installed=Skipped
wshobson/agents  plugins/ui-design  validate=Passed wiring=Passed test=Skipped test--installed=Skipped
wshobson/agents  plugins/unit-testing  validate=Passed wiring=Passed test=Skipped test--installed=Skipped
wshobson/agents  plugins/web-scripting  validate=Passed wiring=Passed test=Skipped test--installed=Skipped
